EN fe_ad4020_v1 NULL F:/Project/Final_Project_401611292/AD4020.vhd sub00/vhpl04 1674372138
EN fe_ad4020 NULL C:/Users/meysam/Desktop/Project/6-final/Final_Project_401611292/AD4020.vhd sub00/vhpl06 1674593150
EN spi_commands NULL C:/Users/meysam/Desktop/Project/6-final/Final_Project_401611292/spi_commands.vhd sub00/vhpl02 1674593148
AR fe_ad4020 behavioral C:/Users/meysam/Desktop/Project/6-final/Final_Project_401611292/AD4020.vhd sub00/vhpl07 1674593151
AR spi_abstract behavioral C:/Users/meysam/Desktop/Project/6-final/Final_Project_401611292/spi_abstract.vhd sub00/vhpl01 1674593147
AR spi_commands behavioral C:/Users/meysam/Desktop/Project/6-final/Final_Project_401611292/spi_commands.vhd sub00/vhpl03 1674593149
AR fe_ad4020_v1 rtl F:/Project/Final_Project_401611292/AD4020.vhd sub00/vhpl05 1674372139
EN spi_abstract NULL C:/Users/meysam/Desktop/Project/6-final/Final_Project_401611292/spi_abstract.vhd sub00/vhpl00 1674593146
